// Jest Snapshot v1, https://goo.gl/fbAQLP

exports[`Products should match snapshot 1`] = `
<div
  className="productContainer"
>
  <div>
    <p>
      Home
    </p>
    <h1>
      Popular
    </h1>
  </div>
  <div
    className="myProducts"
  >
    <Card
      className="myCard"
    >
      <Image
        as="img"
        className="previewImage"
        src="http://lorempixel.com/400/500/fashion"
        ui={true}
      />
      <CardContent
        className="productDetails"
      >
        <CardHeader
          className="productTitle"
        >
          Matthew
        </CardHeader>
        <CardMeta
          className="productPrice"
        >
          <span
            className="date"
          >
            Joined in 2015
          </span>
        </CardMeta>
        <Button
          animated="vertical"
          as="button"
          className="addToCart"
        >
          <ButtonContent
            visible={true}
          >
            Shop
          </ButtonContent>
          <ButtonContent
            hidden={true}
          >
            <Icon
              as="i"
              name="shop"
            />
          </ButtonContent>
        </Button>
      </CardContent>
    </Card>
    <Card
      className="myCard"
    >
      <Image
        as="img"
        className="previewImage"
        src="http://lorempixel.com/400/500/food"
        ui={true}
      />
      <CardContent
        className="productDetails"
      >
        <CardHeader
          className="productTitle"
        >
          Matthew
        </CardHeader>
        <CardMeta
          className="productPrice"
        >
          <span
            className="date"
          >
            Joined in 2015
          </span>
        </CardMeta>
        <Button
          animated="vertical"
          as="button"
          className="addToCart"
        >
          <ButtonContent
            visible={true}
          >
            Shop
          </ButtonContent>
          <ButtonContent
            hidden={true}
          >
            <Icon
              as="i"
              name="shop"
            />
          </ButtonContent>
        </Button>
      </CardContent>
    </Card>
    <Card
      className="myCard"
    >
      <Image
        as="img"
        className="previewImage"
        src="http://cm3inc.com/wp-content/uploads/2016/08/npa2.jpg"
        ui={true}
      />
      <CardContent
        className="productDetails"
      >
        <CardHeader
          className="productTitle"
        >
          Matthew
        </CardHeader>
        <CardMeta
          className="productPrice"
        >
          <span
            className="date"
          >
            Joined in 2015
          </span>
        </CardMeta>
        <Button
          animated="vertical"
          as="button"
          className="addToCart"
        >
          <ButtonContent
            visible={true}
          >
            Shop
          </ButtonContent>
          <ButtonContent
            hidden={true}
          >
            <Icon
              as="i"
              name="shop"
            />
          </ButtonContent>
        </Button>
      </CardContent>
    </Card>
    <Card
      className="myCard"
    >
      <Image
        as="img"
        className="previewImage"
        src="http://lorempixel.com/400/500/people"
        ui={true}
      />
      <CardContent
        className="productDetails"
      >
        <CardHeader
          className="productTitle"
        >
          Matthew
        </CardHeader>
        <CardMeta
          className="productPrice"
        >
          <span
            className="date"
          >
            Joined in 2015
          </span>
        </CardMeta>
        <Button
          animated="vertical"
          as="button"
          className="addToCart"
        >
          <ButtonContent
            visible={true}
          >
            Shop
          </ButtonContent>
          <ButtonContent
            hidden={true}
          >
            <Icon
              as="i"
              name="shop"
            />
          </ButtonContent>
        </Button>
      </CardContent>
    </Card>
    <Card
      className="myCard"
    >
      <Image
        as="img"
        className="previewImage"
        src="http://lorempixel.com/400/500/transport"
        ui={true}
      />
      <CardContent
        className="productDetails"
      >
        <CardHeader
          className="productTitle"
        >
          Matthew
        </CardHeader>
        <CardMeta
          className="productPrice"
        >
          <span
            className="date"
          >
            Joined in 2015
          </span>
        </CardMeta>
        <Button
          animated="vertical"
          as="button"
          className="addToCart"
        >
          <ButtonContent
            visible={true}
          >
            Shop
          </ButtonContent>
          <ButtonContent
            hidden={true}
          >
            <Icon
              as="i"
              name="shop"
            />
          </ButtonContent>
        </Button>
      </CardContent>
    </Card>
    <Card
      className="myCard"
    >
      <Image
        as="img"
        className="previewImage"
        src="http://lorempixel.com/400/500/technics"
        ui={true}
      />
      <CardContent
        className="productDetails"
      >
        <CardHeader
          className="productTitle"
        >
          Matthew
        </CardHeader>
        <CardMeta
          className="productPrice"
        >
          <span
            className="date"
          >
            Joined in 2015
          </span>
        </CardMeta>
        <Button
          animated="vertical"
          as="button"
          className="addToCart"
        >
          <ButtonContent
            visible={true}
          >
            Shop
          </ButtonContent>
          <ButtonContent
            hidden={true}
          >
            <Icon
              as="i"
              name="shop"
            />
          </ButtonContent>
        </Button>
      </CardContent>
    </Card>
    <Card
      className="myCard"
    >
      <Image
        as="img"
        className="previewImage"
        src="http://lorempixel.com/400/500/sports"
        ui={true}
      />
      <CardContent
        className="productDetails"
      >
        <CardHeader
          className="productTitle"
        >
          Matthew
        </CardHeader>
        <CardMeta
          className="productPrice"
        >
          <span
            className="date"
          >
            Joined in 2015
          </span>
        </CardMeta>
        <Button
          animated="vertical"
          as="button"
          className="addToCart"
        >
          <ButtonContent
            visible={true}
          >
            Shop
          </ButtonContent>
          <ButtonContent
            hidden={true}
          >
            <Icon
              as="i"
              name="shop"
            />
          </ButtonContent>
        </Button>
      </CardContent>
    </Card>
    <Card
      className="myCard"
    >
      <Image
        as="img"
        className="previewImage"
        src="http://lorempixel.com/400/500/food"
        ui={true}
      />
      <CardContent
        className="productDetails"
      >
        <CardHeader
          className="productTitle"
        >
          Matthew
        </CardHeader>
        <CardMeta
          className="productPrice"
        >
          <span
            className="date"
          >
            Joined in 2015
          </span>
        </CardMeta>
        <Button
          animated="vertical"
          as="button"
          className="addToCart"
        >
          <ButtonContent
            visible={true}
          >
            Shop
          </ButtonContent>
          <ButtonContent
            hidden={true}
          >
            <Icon
              as="i"
              name="shop"
            />
          </ButtonContent>
        </Button>
      </CardContent>
    </Card>
  </div>
</div>
`;
