// Jest Snapshot v1, https://goo.gl/fbAQLP

exports[`Products should match snapshot 1`] = `
<div
  className="productContainer"
>
  <div>
    <p>
      Home
    </p>
    <h1>
      Popular
    </h1>
  </div>
  <div
    className="myProducts"
  >
    <Card
      className="myCard"
    >
      <Image
        as="img"
        className="previewImage"
        ui={true}
      />
      <CardContent
        className="productDetails"
      >
        <CardHeader
          className="productTitle"
        />
        <CardMeta
          className="productPrice"
        >
          <span
            className="date"
          />
        </CardMeta>
        <Button
          animated="vertical"
          as="button"
          className="addToCart"
        >
          <ButtonContent
            visible={true}
          >
            Shop
          </ButtonContent>
          <ButtonContent
            hidden={true}
          >
            <Icon
              as="i"
              name="shop"
            />
          </ButtonContent>
        </Button>
      </CardContent>
    </Card>
  </div>
</div>
`;

exports[`Products should match snapshot 2`] = `
<div
  className="productContainer"
>
  <div>
    <p>
      Home
    </p>
    <h1>
      Popular
    </h1>
  </div>
  <div
    className="myProducts"
  />
</div>
`;
