// Jest Snapshot v1, https://goo.gl/fbAQLP

exports[`Header should match snapshot 1`] = `
<div
  className="myHeader"
>
  <span
    className="logo"
  >
    LOGO
  </span>
  <div
    className="headerActions"
  >
    <Input
      className="searchField"
      icon={true}
      placeholder="Search..."
      type="text"
    >
      <input />
      <Icon
        as="i"
        className="searchIcon"
        name="search"
      />
    </Input>
    <Dropdown
      additionLabel="Add "
      additionPosition="top"
      closeOnBlur={true}
      deburr={false}
      icon={null}
      minCharacters={1}
      noResultsMessage="No results found."
      openOnFocus={true}
      options={
        Array [
          Object {
            "icon": "user",
            "key": "user",
            "text": "Account",
          },
          Object {
            "icon": "settings",
            "key": "settings",
            "text": "Settings",
          },
          Object {
            "icon": "sign out",
            "key": "sign-out",
            "text": "Sign Out",
          },
        ]
      }
      pointing="top left"
      renderLabel={[Function]}
      searchInput="text"
      selectOnBlur={true}
      selectOnNavigation={true}
      trigger={
        <span
          className="profileImage"
        >
          <Image
            as="img"
            avatar={true}
            className="userAvatar"
            size="mini"
            src="https://s3.amazonaws.com/uifaces/faces/twitter/_ragzor/128.jpg"
            ui={true}
          />
          <Icon
            as="i"
            name="angle down"
          />
        </span>
      }
      wrapSelection={true}
    />
    <Icon
      as="i"
      className="cartIcon"
      name="shopping cart"
      size="big"
    />
    <span
      className="cartCount"
    >
       0 
    </span>
  </div>
</div>
`;
